mode: atomic
mini-kv/main.go:29.13,32.2 2 1
mini-kv/main.go:34.19,37.36 2 0
mini-kv/main.go:38.15,39.19 1 0
mini-kv/main.go:40.14,41.18 1 0
mini-kv/main.go:42.25,43.18 1 0
mini-kv/main.go:44.15,45.19 1 0
mini-kv/main.go:46.10,47.18 1 0
mini-kv/main.go:50.2,50.36 1 0
mini-kv/main.go:53.45,54.23 1 1068
mini-kv/main.go:54.23,56.3 1 1068
mini-kv/main.go:59.44,60.22 1 23
mini-kv/main.go:60.22,62.3 1 23
mini-kv/main.go:65.44,66.22 1 4
mini-kv/main.go:66.22,68.3 1 4
mini-kv/main.go:71.48,72.23 1 0
mini-kv/main.go:72.23,74.3 1 0
mini-kv/main.go:82.26,84.2 1 17
mini-kv/main.go:86.42,91.2 4 363
mini-kv/main.go:93.50,97.8 4 364
mini-kv/main.go:97.8,99.3 1 301
mini-kv/main.go:99.8,101.3 1 63
mini-kv/main.go:102.2,102.16 1 364
mini-kv/main.go:105.46,109.27 4 152
mini-kv/main.go:109.27,110.33 1 154
mini-kv/main.go:110.33,114.4 3 85
mini-kv/main.go:116.2,117.14 2 152
mini-kv/main.go:120.35,124.26 4 104
mini-kv/main.go:124.26,126.3 1 146
mini-kv/main.go:127.2,128.13 2 104
mini-kv/main.go:131.29,137.2 5 1
mini-kv/main.go:149.37,151.2 1 8
mini-kv/main.go:153.32,155.16 2 0
mini-kv/main.go:155.16,157.3 1 0
mini-kv/main.go:158.2,160.6 2 0
mini-kv/main.go:160.6,162.17 2 0
mini-kv/main.go:162.17,164.12 2 0
mini-kv/main.go:166.3,167.24 2 0
mini-kv/main.go:171.44,179.15 4 0
mini-kv/main.go:179.15,182.3 2 0
mini-kv/main.go:184.2,184.6 1 0
mini-kv/main.go:184.6,186.17 2 0
mini-kv/main.go:186.17,188.4 1 0
mini-kv/main.go:189.3,190.17 2 0
mini-kv/main.go:190.17,191.12 1 0
mini-kv/main.go:193.3,195.31 3 0
mini-kv/main.go:199.83,201.21 2 26
mini-kv/main.go:201.21,204.3 2 0
mini-kv/main.go:206.2,208.18 2 26
mini-kv/main.go:209.15,210.13 1 7
mini-kv/main.go:210.13,213.4 2 1
mini-kv/main.go:214.3,218.19 5 6
mini-kv/main.go:220.16,221.14 1 5
mini-kv/main.go:221.14,224.4 2 1
mini-kv/main.go:225.3,227.39 3 4
mini-kv/main.go:227.39,229.4 1 5
mini-kv/main.go:230.3,230.44 1 4
mini-kv/main.go:230.44,231.18 1 6
mini-kv/main.go:231.18,234.5 2 1
mini-kv/main.go:236.3,241.19 6 4
mini-kv/main.go:243.18,244.14 1 2
mini-kv/main.go:244.14,247.4 2 1
mini-kv/main.go:248.3,252.19 5 1
mini-kv/main.go:254.13,255.21 1 7
mini-kv/main.go:255.21,258.4 2 0
mini-kv/main.go:259.3,261.13 3 7
mini-kv/main.go:261.13,265.4 3 7
mini-kv/main.go:265.9,267.4 1 0
mini-kv/main.go:268.3,268.19 1 7
mini-kv/main.go:270.13,271.21 1 3
mini-kv/main.go:271.21,274.4 2 0
mini-kv/main.go:275.3,276.13 2 3
mini-kv/main.go:276.13,277.44 1 2
mini-kv/main.go:277.44,280.5 2 0
mini-kv/main.go:281.4,281.41 1 2
mini-kv/main.go:281.41,284.5 2 2
mini-kv/main.go:286.3,286.35 1 1
mini-kv/main.go:286.35,289.4 2 1
mini-kv/main.go:290.3,291.19 2 0
mini-kv/main.go:293.13,294.21 1 1
mini-kv/main.go:294.21,297.4 2 0
mini-kv/main.go:298.3,299.13 2 1
mini-kv/main.go:299.13,301.29 2 1
mini-kv/main.go:301.29,302.81 1 1
mini-kv/main.go:302.81,306.6 3 1
mini-kv/main.go:308.4,309.40 2 1
mini-kv/main.go:311.3,313.39 3 0
mini-kv/main.go:315.14,317.13 2 0
mini-kv/main.go:317.13,319.27 2 0
mini-kv/main.go:319.27,320.24 1 0
mini-kv/main.go:320.24,322.6 1 0
mini-kv/main.go:324.4,324.31 1 0
mini-kv/main.go:324.31,326.5 1 0
mini-kv/main.go:327.4,328.25 2 0
mini-kv/main.go:328.25,330.5 1 0
mini-kv/main.go:331.4,332.30 2 0
mini-kv/main.go:332.30,334.5 1 0
mini-kv/main.go:335.4,335.17 1 0
mini-kv/main.go:337.3,338.21 2 0
mini-kv/main.go:338.21,340.4 1 0
mini-kv/main.go:341.3,342.26 2 0
mini-kv/main.go:342.26,344.4 1 0
mini-kv/main.go:345.3,345.16 1 0
mini-kv/main.go:347.17,348.13 1 1
mini-kv/main.go:348.13,351.4 2 1
mini-kv/main.go:352.3,354.19 3 0
mini-kv/main.go:356.14,358.21 2 0
mini-kv/main.go:360.10,362.64 2 0
mini-kv/main.go:366.13,370.39 4 0
mini-kv/main.go:370.39,372.3 1 0
