mode: atomic
mini-kv/main.go:17.26,19.2 1 9
mini-kv/main.go:21.42,25.2 3 360
mini-kv/main.go:27.50,32.2 4 353
mini-kv/main.go:34.46,38.27 4 152
mini-kv/main.go:38.27,39.33 1 154
mini-kv/main.go:39.33,42.4 2 149
mini-kv/main.go:44.2,44.14 1 152
mini-kv/main.go:47.35,51.26 4 103
mini-kv/main.go:51.26,53.3 1 201
mini-kv/main.go:54.2,54.13 1 103
mini-kv/main.go:57.29,61.2 3 1
mini-kv/main.go:68.37,70.2 1 0
mini-kv/main.go:72.32,74.16 2 0
mini-kv/main.go:74.16,76.3 1 0
mini-kv/main.go:77.2,79.6 2 0
mini-kv/main.go:79.6,81.17 2 0
mini-kv/main.go:81.17,83.12 2 0
mini-kv/main.go:85.3,85.24 1 0
mini-kv/main.go:89.44,92.6 3 0
mini-kv/main.go:92.6,94.17 2 0
mini-kv/main.go:94.17,96.4 1 0
mini-kv/main.go:97.3,98.17 2 0
mini-kv/main.go:98.17,99.12 1 0
mini-kv/main.go:101.3,102.31 2 0
mini-kv/main.go:106.52,108.21 2 0
mini-kv/main.go:108.21,110.3 1 0
mini-kv/main.go:112.2,114.18 2 0
mini-kv/main.go:115.13,116.21 1 0
mini-kv/main.go:116.21,118.4 1 0
mini-kv/main.go:119.3,122.19 4 0
mini-kv/main.go:124.13,125.21 1 0
mini-kv/main.go:125.21,127.4 1 0
mini-kv/main.go:128.3,129.35 2 0
mini-kv/main.go:129.35,131.4 1 0
mini-kv/main.go:132.3,132.19 1 0
mini-kv/main.go:134.13,135.21 1 0
mini-kv/main.go:135.21,137.4 1 0
mini-kv/main.go:138.3,140.39 3 0
mini-kv/main.go:142.14,144.21 2 0
mini-kv/main.go:144.21,146.4 1 0
mini-kv/main.go:147.3,148.26 2 0
mini-kv/main.go:148.26,150.4 1 0
mini-kv/main.go:151.3,151.16 1 0
mini-kv/main.go:153.14,154.21 1 0
mini-kv/main.go:156.17,158.19 2 0
mini-kv/main.go:160.10,161.64 1 0
mini-kv/main.go:165.13,168.39 3 0
mini-kv/main.go:168.39,170.3 1 0
